make: Nothing to be done for 'all'.
1_kilo threads=1 repeat=1 seconds=7.845013 max_trials=61035
1_kilo threads=1 repeat=2 seconds=7.844762 max_trials=61035
1_kilo threads=1 repeat=3 seconds=7.844894 max_trials=61035
1_kilo threads=2 repeat=1 seconds=3.921950 max_trials=61035
1_kilo threads=2 repeat=2 seconds=3.921940 max_trials=61035
1_kilo threads=2 repeat=3 seconds=3.922077 max_trials=61035
1_kilo threads=4 repeat=1 seconds=1.960476 max_trials=61035
1_kilo threads=4 repeat=2 seconds=1.960420 max_trials=61035
1_kilo threads=4 repeat=3 seconds=1.960822 max_trials=61035
1_kilo threads=8 repeat=1 seconds=0.982559 max_trials=61035
1_kilo threads=8 repeat=2 seconds=0.982803 max_trials=61035
1_kilo threads=8 repeat=3 seconds=0.981319 max_trials=61035
1_kilo threads=16 repeat=1 seconds=0.492345 max_trials=61035
1_kilo threads=16 repeat=2 seconds=0.491581 max_trials=61035
1_kilo threads=16 repeat=3 seconds=0.491575 max_trials=61035
1_kilo threads=24 repeat=1 seconds=0.329543 max_trials=61035
1_kilo threads=24 repeat=2 seconds=0.329517 max_trials=61035
1_kilo threads=24 repeat=3 seconds=0.329420 max_trials=61035
1_kilo threads=32 repeat=1 seconds=0.248357 max_trials=61035
1_kilo threads=32 repeat=2 seconds=0.248146 max_trials=61035
1_kilo threads=32 repeat=3 seconds=0.248871 max_trials=61035
1_kilo threads=48 repeat=1 seconds=0.166842 max_trials=61035
1_kilo threads=48 repeat=2 seconds=0.166805 max_trials=61035
1_kilo threads=48 repeat=3 seconds=0.167288 max_trials=61035
1_kilo threads=64 repeat=1 seconds=0.127238 max_trials=61035
1_kilo threads=64 repeat=2 seconds=0.128116 max_trials=61035
1_kilo threads=64 repeat=3 seconds=0.127781 max_trials=61035
1_kilo threads=96 repeat=1 seconds=0.089150 max_trials=61035
1_kilo threads=96 repeat=2 seconds=0.089467 max_trials=61035
1_kilo threads=96 repeat=3 seconds=0.089430 max_trials=61035
2_mega threads=1 repeat=1 seconds=7.838055 max_trials=30517
2_mega threads=1 repeat=2 seconds=7.837333 max_trials=30517
2_mega threads=1 repeat=3 seconds=7.837153 max_trials=30517
2_mega threads=2 repeat=1 seconds=3.917503 max_trials=30517
2_mega threads=2 repeat=2 seconds=3.917351 max_trials=30517
2_mega threads=2 repeat=3 seconds=3.918131 max_trials=30517
2_mega threads=4 repeat=1 seconds=1.958755 max_trials=30517
2_mega threads=4 repeat=2 seconds=1.959295 max_trials=30517
2_mega threads=4 repeat=3 seconds=1.958689 max_trials=30517
2_mega threads=8 repeat=1 seconds=0.981625 max_trials=30517
2_mega threads=8 repeat=2 seconds=0.981403 max_trials=30517
2_mega threads=8 repeat=3 seconds=0.981018 max_trials=30517
2_mega threads=16 repeat=1 seconds=0.491832 max_trials=30517
2_mega threads=16 repeat=2 seconds=0.491690 max_trials=30517
2_mega threads=16 repeat=3 seconds=0.491654 max_trials=30517
2_mega threads=24 repeat=1 seconds=0.328748 max_trials=30517
2_mega threads=24 repeat=2 seconds=0.328565 max_trials=30517
2_mega threads=24 repeat=3 seconds=0.328587 max_trials=30517
2_mega threads=32 repeat=1 seconds=0.247386 max_trials=30517
2_mega threads=32 repeat=2 seconds=0.247274 max_trials=30517
2_mega threads=32 repeat=3 seconds=0.247643 max_trials=30517
2_mega threads=48 repeat=1 seconds=0.166752 max_trials=30517
2_mega threads=48 repeat=2 seconds=0.167076 max_trials=30517
2_mega threads=48 repeat=3 seconds=0.167069 max_trials=30517
2_mega threads=64 repeat=1 seconds=0.126635 max_trials=30517
2_mega threads=64 repeat=2 seconds=0.127665 max_trials=30517
2_mega threads=64 repeat=3 seconds=0.126871 max_trials=30517
2_mega threads=96 repeat=1 seconds=0.088795 max_trials=30517
2_mega threads=96 repeat=2 seconds=0.088553 max_trials=30517
2_mega threads=96 repeat=3 seconds=0.088596 max_trials=30517
3_giga threads=1 repeat=1 seconds=8.986524 max_trials=20000
3_giga threads=1 repeat=2 seconds=8.987314 max_trials=20000
3_giga threads=1 repeat=3 seconds=8.986150 max_trials=20000
3_giga threads=2 repeat=1 seconds=4.491282 max_trials=20000
3_giga threads=2 repeat=2 seconds=4.491955 max_trials=20000
3_giga threads=2 repeat=3 seconds=4.491320 max_trials=20000
3_giga threads=4 repeat=1 seconds=2.245807 max_trials=20000
3_giga threads=4 repeat=2 seconds=2.246346 max_trials=20000
3_giga threads=4 repeat=3 seconds=2.245868 max_trials=20000
3_giga threads=8 repeat=1 seconds=1.124627 max_trials=20000
3_giga threads=8 repeat=2 seconds=1.124654 max_trials=20000
3_giga threads=8 repeat=3 seconds=1.124665 max_trials=20000
3_giga threads=16 repeat=1 seconds=0.563723 max_trials=20000
3_giga threads=16 repeat=2 seconds=0.563883 max_trials=20000
3_giga threads=16 repeat=3 seconds=0.563772 max_trials=20000
3_giga threads=24 repeat=1 seconds=0.377298 max_trials=20000
3_giga threads=24 repeat=2 seconds=0.377444 max_trials=20000
3_giga threads=24 repeat=3 seconds=0.377310 max_trials=20000
3_giga threads=32 repeat=1 seconds=0.284219 max_trials=20000
3_giga threads=32 repeat=2 seconds=0.284578 max_trials=20000
3_giga threads=32 repeat=3 seconds=0.284559 max_trials=20000
3_giga threads=48 repeat=1 seconds=0.193002 max_trials=20000
3_giga threads=48 repeat=2 seconds=0.192888 max_trials=20000
3_giga threads=48 repeat=3 seconds=0.192930 max_trials=20000
3_giga threads=64 repeat=1 seconds=0.148365 max_trials=20000
3_giga threads=64 repeat=2 seconds=0.148244 max_trials=20000
3_giga threads=64 repeat=3 seconds=0.148404 max_trials=20000
3_giga threads=96 repeat=1 seconds=0.105951 max_trials=20000
3_giga threads=96 repeat=2 seconds=0.105989 max_trials=20000
3_giga threads=96 repeat=3 seconds=0.106067 max_trials=20000
4_tera threads=1 repeat=1 seconds=13.478494 max_trials=20000
4_tera threads=1 repeat=2 seconds=13.478322 max_trials=20000
4_tera threads=1 repeat=3 seconds=13.477799 max_trials=20000
4_tera threads=2 repeat=1 seconds=6.735023 max_trials=20000
4_tera threads=2 repeat=2 seconds=6.737956 max_trials=20000
4_tera threads=2 repeat=3 seconds=6.735470 max_trials=20000
4_tera threads=4 repeat=1 seconds=3.367638 max_trials=20000
4_tera threads=4 repeat=2 seconds=3.368123 max_trials=20000
4_tera threads=4 repeat=3 seconds=3.367851 max_trials=20000
4_tera threads=8 repeat=1 seconds=1.685631 max_trials=20000
4_tera threads=8 repeat=2 seconds=1.685636 max_trials=20000
4_tera threads=8 repeat=3 seconds=1.685515 max_trials=20000
4_tera threads=16 repeat=1 seconds=0.844379 max_trials=20000
4_tera threads=16 repeat=2 seconds=0.844415 max_trials=20000
4_tera threads=16 repeat=3 seconds=0.844032 max_trials=20000
4_tera threads=24 repeat=1 seconds=0.564449 max_trials=20000
4_tera threads=24 repeat=2 seconds=0.564477 max_trials=20000
4_tera threads=24 repeat=3 seconds=0.564575 max_trials=20000
4_tera threads=32 repeat=1 seconds=0.425423 max_trials=20000
4_tera threads=32 repeat=2 seconds=0.425094 max_trials=20000
4_tera threads=32 repeat=3 seconds=0.424798 max_trials=20000
4_tera threads=48 repeat=1 seconds=0.286438 max_trials=20000
4_tera threads=48 repeat=2 seconds=0.286694 max_trials=20000
4_tera threads=48 repeat=3 seconds=0.286670 max_trials=20000
4_tera threads=64 repeat=1 seconds=0.219357 max_trials=20000
4_tera threads=64 repeat=2 seconds=0.219282 max_trials=20000
4_tera threads=64 repeat=3 seconds=0.219037 max_trials=20000
4_tera threads=96 repeat=1 seconds=0.154557 max_trials=20000
4_tera threads=96 repeat=2 seconds=0.154535 max_trials=20000
4_tera threads=96 repeat=3 seconds=0.154638 max_trials=20000
5_peta threads=1 repeat=1 seconds=19.256841 max_trials=20000
5_peta threads=1 repeat=2 seconds=19.257593 max_trials=20000
5_peta threads=1 repeat=3 seconds=19.265178 max_trials=20000
5_peta threads=2 repeat=1 seconds=9.622080 max_trials=20000
5_peta threads=2 repeat=2 seconds=9.621954 max_trials=20000
5_peta threads=2 repeat=3 seconds=9.622014 max_trials=20000
5_peta threads=4 repeat=1 seconds=4.810853 max_trials=20000
5_peta threads=4 repeat=2 seconds=4.811010 max_trials=20000
5_peta threads=4 repeat=3 seconds=4.810757 max_trials=20000
5_peta threads=8 repeat=1 seconds=2.406844 max_trials=20000
5_peta threads=8 repeat=2 seconds=2.406732 max_trials=20000
5_peta threads=8 repeat=3 seconds=2.406807 max_trials=20000
5_peta threads=16 repeat=1 seconds=1.205607 max_trials=20000
5_peta threads=16 repeat=2 seconds=1.205220 max_trials=20000
5_peta threads=16 repeat=3 seconds=1.205365 max_trials=20000
5_peta threads=24 repeat=1 seconds=0.805265 max_trials=20000
5_peta threads=24 repeat=2 seconds=0.805213 max_trials=20000
5_peta threads=24 repeat=3 seconds=0.804989 max_trials=20000
5_peta threads=32 repeat=1 seconds=0.606346 max_trials=20000
5_peta threads=32 repeat=2 seconds=0.606451 max_trials=20000
5_peta threads=32 repeat=3 seconds=0.606370 max_trials=20000
5_peta threads=48 repeat=1 seconds=0.407887 max_trials=20000
5_peta threads=48 repeat=2 seconds=0.407906 max_trials=20000
5_peta threads=48 repeat=3 seconds=0.408748 max_trials=20000
5_peta threads=64 repeat=1 seconds=0.310294 max_trials=20000
5_peta threads=64 repeat=2 seconds=0.310820 max_trials=20000
5_peta threads=64 repeat=3 seconds=0.310380 max_trials=20000
5_peta threads=96 repeat=1 seconds=0.215667 max_trials=20000
5_peta threads=96 repeat=2 seconds=0.215952 max_trials=20000
5_peta threads=96 repeat=3 seconds=0.215922 max_trials=20000
6_exa threads=1 repeat=1 seconds=36.104749 max_trials=20000
6_exa threads=1 repeat=2 seconds=36.103297 max_trials=20000
6_exa threads=1 repeat=3 seconds=36.104853 max_trials=20000
6_exa threads=2 repeat=1 seconds=18.045522 max_trials=20000
6_exa threads=2 repeat=2 seconds=18.045225 max_trials=20000
6_exa threads=2 repeat=3 seconds=18.048196 max_trials=20000
6_exa threads=4 repeat=1 seconds=9.022382 max_trials=20000
6_exa threads=4 repeat=2 seconds=9.022914 max_trials=20000
6_exa threads=4 repeat=3 seconds=9.023094 max_trials=20000
6_exa threads=8 repeat=1 seconds=4.513612 max_trials=20000
6_exa threads=8 repeat=2 seconds=4.513567 max_trials=20000
6_exa threads=8 repeat=3 seconds=4.512966 max_trials=20000
6_exa threads=16 repeat=1 seconds=2.259136 max_trials=20000
6_exa threads=16 repeat=2 seconds=2.259227 max_trials=20000
6_exa threads=16 repeat=3 seconds=2.259620 max_trials=20000
6_exa threads=24 repeat=1 seconds=1.508423 max_trials=20000
6_exa threads=24 repeat=2 seconds=1.507472 max_trials=20000
6_exa threads=24 repeat=3 seconds=1.508571 max_trials=20000
6_exa threads=32 repeat=1 seconds=1.134010 max_trials=20000
6_exa threads=32 repeat=2 seconds=1.133961 max_trials=20000
6_exa threads=32 repeat=3 seconds=1.134104 max_trials=20000
6_exa threads=48 repeat=1 seconds=0.760246 max_trials=20000
6_exa threads=48 repeat=2 seconds=0.760395 max_trials=20000
6_exa threads=48 repeat=3 seconds=0.761176 max_trials=20000
6_exa threads=64 repeat=1 seconds=0.575358 max_trials=20000
6_exa threads=64 repeat=2 seconds=0.575890 max_trials=20000
6_exa threads=64 repeat=3 seconds=0.576215 max_trials=20000
6_exa threads=96 repeat=1 seconds=0.395078 max_trials=20000
6_exa threads=96 repeat=2 seconds=0.395236 max_trials=20000
6_exa threads=96 repeat=3 seconds=0.395134 max_trials=20000
